AR mux2_1 behavioral E:/Backup/Document/GitHub/CSCE2214/Lab09/Lab08_Solution/mux2_1.vhd sub00/vhpl21 1414993659
EN alu_16bit NULL E:/Backup/Document/GitHub/CSCE2214/Lab09/Lab08_Solution/ALU_16Bit.vhd sub00/vhpl22 1414993660
EN cpu_2214 NULL E:/Backup/Document/GitHub/CSCE2214/Lab09/Lab08_Solution/CPU_2214.vhd sub00/vhpl26 1414993664
AR alu_16bit behavior E:/Backup/Document/GitHub/CSCE2214/Lab09/Lab08_Solution/ALU_16Bit.vhd sub00/vhpl23 1414993661
AR or_gate behavior E:/Backup/Document/GitHub/CSCE2214/Lab09/Lab08_Solution/or_gate.vhd sub00/vhpl05 1414993643
AR mux31 behavioral E:/Backup/Document/GitHub/CSCE2214/Lab09/Lab08_Solution/MUX31.vhd sub00/vhpl07 1414993645
AR signextend syn E:/Backup/Document/GitHub/CSCE2214/Lab09/Lab08_Solution/Signextend.vhd sub00/vhpl19 1414993657
AR and_gate behavior E:/Backup/Document/GitHub/CSCE2214/Lab09/Lab08_Solution/and_gate.vhd sub00/vhpl03 1414993641
EN pc_reg NULL E:/Backup/Document/GitHub/CSCE2214/Lab09/Lab08_Solution/PC_REG.vhd sub00/vhpl10 1414993648
EN memory NULL E:/Backup/Document/GitHub/CSCE2214/Lab09/Lab08_Solution/Memory.vhd sub00/vhpl12 1414993650
AR cpu_2214 behavioral E:/Backup/Document/GitHub/CSCE2214/Lab09/Lab08_Solution/CPU_2214.vhd sub00/vhpl27 1414993665
EN full_adder NULL E:/Backup/Document/GitHub/CSCE2214/Lab09/Lab08_Solution/full_adder.vhd sub00/vhpl00 1414993638
EN mux2_1 NULL E:/Backup/Document/GitHub/CSCE2214/Lab09/Lab08_Solution/mux2_1.vhd sub00/vhpl20 1414993658
EN or_gate NULL E:/Backup/Document/GitHub/CSCE2214/Lab09/Lab08_Solution/or_gate.vhd sub00/vhpl04 1414993642
AR mux3_1 behavioral E:/Backup/Document/GitHub/CSCE2214/Lab09/Lab08_Solution/mux3_1.vhd sub00/vhpl25 1414993663
EN control NULL E:/Backup/Document/GitHub/CSCE2214/Lab09/Lab08_Solution/Control.vhd sub00/vhpl14 1414993652
AR pc_reg behavioral E:/Backup/Document/GitHub/CSCE2214/Lab09/Lab08_Solution/PC_REG.vhd sub00/vhpl11 1414993649
EN mux3_1 NULL E:/Backup/Document/GitHub/CSCE2214/Lab09/Lab08_Solution/mux3_1.vhd sub00/vhpl24 1414993662
AR full_adder behavior E:/Backup/Document/GitHub/CSCE2214/Lab09/Lab08_Solution/full_adder.vhd sub00/vhpl01 1414993639
EN mux31 NULL E:/Backup/Document/GitHub/CSCE2214/Lab09/Lab08_Solution/MUX31.vhd sub00/vhpl06 1414993644
AR memory beh E:/Backup/Document/GitHub/CSCE2214/Lab09/Lab08_Solution/Memory.vhd sub00/vhpl13 1414993651
AR registers syn E:/Backup/Document/GitHub/CSCE2214/Lab09/Lab08_Solution/Registers.vhd sub00/vhpl17 1414993655
EN cpu_2214_test NULL E:/Backup/Document/GitHub/CSCE2214/Lab09/Lab08_Solution/CPU_2214_Test.vhd sub00/vhpl28 1414993626
AR alu behavior E:/Backup/Document/GitHub/CSCE2214/Lab09/Lab08_Solution/ALU.vhd sub00/vhpl09 1414993647
EN and_gate NULL E:/Backup/Document/GitHub/CSCE2214/Lab09/Lab08_Solution/and_gate.vhd sub00/vhpl02 1414993640
AR control syn E:/Backup/Document/GitHub/CSCE2214/Lab09/Lab08_Solution/Control.vhd sub00/vhpl15 1414993653
EN registers NULL E:/Backup/Document/GitHub/CSCE2214/Lab09/Lab08_Solution/Registers.vhd sub00/vhpl16 1414993654
EN alu NULL E:/Backup/Document/GitHub/CSCE2214/Lab09/Lab08_Solution/ALU.vhd sub00/vhpl08 1414993646
EN signextend NULL E:/Backup/Document/GitHub/CSCE2214/Lab09/Lab08_Solution/Signextend.vhd sub00/vhpl18 1414993656
